{"event":"plan","missing_chunks":202,"missing_raw_bytes":16784896,"release":"app-a-v1","reused_chunks":0,"time":"2026-09-19T13:59:29.316511442Z","unique_chunks":202}
{"chunk":"a4c5fefb1a01f009e5aafe8238f5364c6528b20c9232811913dd585d7d0e58db","encoded_bytes":76731,"event":"chunk_committed","raw_bytes":76698,"time":"2026-09-19T13:59:29.663120756Z"}
{"chunk":"7695bc5c7d778ca23220a12d9044066b1950c0d0ad33b51d281dfdf314df6e5b","encoded_bytes":55056,"event":"chunk_committed","raw_bytes":55028,"time":"2026-09-19T13:59:29.861516015Z"}
{"chunk":"08d5ebd13b95d84e268d419b429d86d58b4f6b81b486be13b77f1cb9de0aaf6b","encoded_bytes":130571,"event":"chunk_committed","raw_bytes":130538,"time":"2026-09-19T13:59:30.261789371Z"}
{"chunk":"cd640abfdb10996f4a40044ba672c528dbebb800de7f371379c233fe17c87583","encoded_bytes":47108,"event":"chunk_committed","raw_bytes":47080,"time":"2026-09-19T13:59:30.361131035Z"}
{"chunk":"81e62e8dacac09ed57798f0a32eba0e4fbd071cd876dcebc13eae72eb641e4b2","encoded_bytes":49795,"event":"chunk_committed","raw_bytes":49767,"time":"2026-09-19T13:59:30.562495313Z"}
{"chunk":"c939158794b488adb0d4531858f6bd4eeb3371c0d853ac108c8bda7fa6ee01b8","encoded_bytes":74447,"event":"chunk_committed","raw_bytes":74414,"time":"2026-09-19T13:59:30.707987872Z"}
{"chunk":"29d8747dafd05cfe7eee9b7eb73ec6a5e7eca4b0725425427457b0bdb1288972","encoded_bytes":137252,"event":"chunk_committed","raw_bytes":137214,"time":"2026-09-19T13:59:31.017493165Z"}
{"chunk":"b768032c2fab2662b5f90b720b78ef0782e014af43e970c789a3bbbf52df93ad","encoded_bytes":35512,"event":"chunk_committed","raw_bytes":35484,"time":"2026-09-19T13:59:31.175000924Z"}
{"chunk":"9bd84e1d8fac2a87d92a198df515b5b3c0d5911e3e685ea7688a177f120e90d8","encoded_bytes":27163,"event":"chunk_committed","raw_bytes":27135,"time":"2026-09-19T13:59:31.321995748Z"}
{"chunk":"7f34bc3d34f3630c016d8a2f4414fc5e1415ef5c68725b8b387826dee96f4c1c","encoded_bytes":40571,"event":"chunk_committed","raw_bytes":40543,"time":"2026-09-19T13:59:31.51331527Z"}
{"chunk":"fbaa17b0591ae48e7fc4eaeff6cd0ada380a493e136f3227afbb9cf73314f59f","encoded_bytes":40239,"event":"chunk_committed","raw_bytes":40211,"time":"2026-09-19T13:59:31.661643591Z"}
{"chunk":"ee3c11f5ae77cf91236595ebc13a80776d20d2dc68ca27866a2f48fd1666a9ba","encoded_bytes":137057,"event":"chunk_committed","raw_bytes":137019,"time":"2026-09-19T13:59:31.980738912Z"}
{"chunk":"b498982f0c612720a01bd1aef91e544514b7e6f7d10fb5d820f48ae7dc4dbc57","encoded_bytes":25478,"event":"chunk_committed","raw_bytes":25450,"time":"2026-09-19T13:59:32.122282019Z"}
{"chunk":"34b4d2168dec9efc814bbc26b6c21c3a88a0bd4c8d1c7a0982dc266004f02e6f","encoded_bytes":81085,"event":"chunk_committed","raw_bytes":81052,"time":"2026-09-19T13:59:32.369872991Z"}
{"chunk":"8f6d020dec6bcadd381c62d9cddae9f5c7038a4224b04d124801f9ea654bf2b6","encoded_bytes":71654,"event":"chunk_committed","raw_bytes":71621,"time":"2026-09-19T13:59:32.611276194Z"}
{"chunk":"e0d11842337f877329000ca5bb0cb545f891bea892623ca5c6855a58e9ad69d7","encoded_bytes":39894,"event":"chunk_committed","raw_bytes":39866,"time":"2026-09-19T13:59:32.738385488Z"}
{"chunk":"141275362dcba588073aa3a3b994d6d21a815fef1313d0001dac484b20879bda","encoded_bytes":62893,"event":"chunk_committed","raw_bytes":62865,"time":"2026-09-19T13:59:32.9580559Z"}
{"chunk":"9c834e87c88398b1cf3ac1c43a54de14366d87d0c0fab713c49b70016aceebeb","encoded_bytes":16965,"event":"chunk_committed","raw_bytes":16937,"time":"2026-09-19T13:59:33.070080455Z"}
{"chunk":"b2a54de89b11a77e456b84aa851ec032ffded4ddd11b1113acc49c5a8565cc1d","encoded_bytes":46397,"event":"chunk_committed","raw_bytes":46369,"time":"2026-09-19T13:59:33.261705044Z"}
{"chunk":"de13ae3eaef31da3e66d74de9611ff6ebeb960d01f7ae17935ab734799bb9721","encoded_bytes":83784,"event":"chunk_committed","raw_bytes":83751,"time":"2026-09-19T13:59:33.485252383Z"}
{"chunk":"7ea428c3e8be25d9a3a12cb2bf385c2cc3a7833e3f9110a1ad584f2083d55140","encoded_bytes":91411,"event":"chunk_committed","raw_bytes":91378,"time":"2026-09-19T13:59:33.762144838Z"}
{"chunk":"d66b420487cf3935f64de278ab4da36437240ef46571b4df8fa1f4cd884163ee","encoded_bytes":148643,"event":"chunk_committed","raw_bytes":148605,"time":"2026-09-19T13:59:34.07767721Z"}
{"chunk":"92bc22900c89b12e0d0edea0b506764bcf564b03804d1654bbd48a89a7eb205e","encoded_bytes":145891,"event":"chunk_committed","raw_bytes":145853,"time":"2026-09-19T13:59:34.414631431Z"}
{"chunk":"6fabbfe745659950ec3d8fd7982cea66fb13ab49e56d186e44c7ec3168c8f7bd","encoded_bytes":54634,"event":"chunk_committed","raw_bytes":54606,"time":"2026-09-19T13:59:34.611384676Z"}
{"chunk":"885334525f35bd39a5416cb5ef0a8e16d28436f9c08f04db2cd3f196a9b519f3","encoded_bytes":191368,"event":"chunk_committed","raw_bytes":191330,"time":"2026-09-19T13:59:35.136685536Z"}
{"chunk":"d061052605f7f3f81f5ef8fc357327ef9c6d2aeba93bc547f04239ef5acf5477","encoded_bytes":97756,"event":"chunk_committed","raw_bytes":97723,"time":"2026-09-19T13:59:35.274095548Z"}
{"chunk":"d83472d49cefcee5781a26e48b56ffd38c0d01101412818ee8ce53f6be10de4d","encoded_bytes":130631,"event":"chunk_committed","raw_bytes":130598,"time":"2026-09-19T13:59:35.58855435Z"}
{"chunk":"dd6ea6f8f864fe1012eca8cba1a0f18b1d1510aa84a30d9f4a1b8f62b1c1c240","encoded_bytes":22700,"event":"chunk_committed","raw_bytes":22672,"time":"2026-09-19T13:59:35.724554049Z"}
{"chunk":"4f2c39e4cccca5bce22db0f176a83d0aa0ff3c7510fd0a71445cced7aaca6a78","encoded_bytes":20614,"event":"chunk_committed","raw_bytes":20586,"time":"2026-09-19T13:59:35.86273334Z"}
{"chunk":"ce427423112b1d889312b847c179b355063c7973a708951b705544581a58c94f","encoded_bytes":25095,"event":"chunk_committed","raw_bytes":25067,"time":"2026-09-19T13:59:36.0119458Z"}
{"chunk":"9a8479c4967ace2ed77509493e01847ac392baa059b606a387ca1c4a935f6e27","encoded_bytes":147882,"event":"chunk_committed","raw_bytes":147844,"time":"2026-09-19T13:59:36.36886985Z"}
{"chunk":"226dbcaeb54a3c2ae5ffe56bd910ea92b801dc6ff30d6943d70eeab80f30258e","encoded_bytes":46423,"event":"chunk_committed","raw_bytes":46395,"time":"2026-09-19T13:59:36.521642523Z"}
{"chunk":"8e6cae3485c40ab29059fba0c8e406b7b2bbd3f8ed2470fe98f12c3b79f5106e","encoded_bytes":61084,"event":"chunk_committed","raw_bytes":61056,"time":"2026-09-19T13:59:36.71954919Z"}
{"chunk":"f625c1a26c144c5a86f71493b924c53b9a5301cd7a1ed0e674fcf08bd034aacf","encoded_bytes":40833,"event":"chunk_committed","raw_bytes":40805,"time":"2026-09-19T13:59:36.885181298Z"}
{"chunk":"ebe5e41a6fa33e3c997e3f012e24782666de9021f7124db5a97ceccde52815bc","encoded_bytes":46479,"event":"chunk_committed","raw_bytes":46451,"time":"2026-09-19T13:59:37.061927819Z"}
{"chunk":"cd0e1c8201915c68a6eb72e2d47dd79c9feeb4926b2a3aa5e14a6864869da40f","encoded_bytes":141993,"event":"chunk_committed","raw_bytes":141955,"time":"2026-09-19T13:59:37.418028893Z"}
{"chunk":"ddf3d8f48036c48a2ef8431edb9b355c966a070468b82850c82911bd6dd65dc4","encoded_bytes":99550,"event":"chunk_committed","raw_bytes":99517,"time":"2026-09-19T13:59:37.65905839Z"}
{"chunk":"7627d32b932df052df27ebde624acd3fb67997a54e3e38fdb35fd18d77293414","encoded_bytes":54453,"event":"chunk_committed","raw_bytes":54425,"time":"2026-09-19T13:59:37.859520971Z"}
{"chunk":"a3d74088e97719a656ee209947138f849877f79a8662be2dcd4e3d5cfd42418d","encoded_bytes":18708,"event":"chunk_committed","raw_bytes":18680,"time":"2026-09-19T13:59:37.978220141Z"}
{"chunk":"ed868396d3f27c582c0cc8c007c29975ca5e04058d60467ea3ff46768131d2ff","encoded_bytes":77718,"event":"chunk_committed","raw_bytes":77685,"time":"2026-09-19T13:59:38.213476535Z"}
{"chunk":"7774d54af8fcbc2162e3f3dc3431defea85c5b956441c83914cc0487de695cf3","encoded_bytes":256385,"event":"chunk_committed","raw_bytes":256342,"time":"2026-09-19T13:59:38.861966942Z"}
{"chunk":"8bca02d91f76bffd9c1ce728e495c953419161f25375fa714116705bca070962","encoded_bytes":40986,"event":"chunk_committed","raw_bytes":40958,"time":"2026-09-19T13:59:38.905276571Z"}
{"chunk":"9d5878e1229466a34a2c77ae8cba7df1eca02944bb4dfea9f52f8fdaca99bd8d","encoded_bytes":27705,"event":"chunk_committed","raw_bytes":27677,"time":"2026-09-19T13:59:39.118237884Z"}
{"chunk":"f0bc8b5fd1b3b28806e90194ac6cd7535e5dac00b84c0e20c6e55416debc1072","encoded_bytes":27330,"event":"chunk_committed","raw_bytes":27302,"time":"2026-09-19T13:59:39.161798374Z"}
{"chunk":"58b38dd1721101309d04732547f6702c440c024bc9791b4b70ffcb5648d37f7b","encoded_bytes":34858,"event":"chunk_committed","raw_bytes":34830,"time":"2026-09-19T13:59:39.387748076Z"}
{"chunk":"e374864cc6d95a8fa692b687bd5d2483b8a6dd0fa8db6db3c74ac4e9ef807a9b","encoded_bytes":82418,"event":"chunk_committed","raw_bytes":82385,"time":"2026-09-19T13:59:39.517873394Z"}
{"chunk":"429a13702cbd865a6023136830b0b8ce243aa667cfdade0df755149aa4e14e2a","encoded_bytes":106491,"event":"chunk_committed","raw_bytes":106458,"time":"2026-09-19T13:59:39.808584159Z"}
{"chunk":"103c19542316d11abdf7b1fb6fe301c28fd9c0a801a51dace015eb03fafd4b92","encoded_bytes":126908,"event":"chunk_committed","raw_bytes":126875,"time":"2026-09-19T13:59:40.138300277Z"}
{"chunk":"cd7d9d7ff0980b229285a79966f9197354e11b97e1fbd718e07bf196ac96103e","encoded_bytes":27011,"event":"chunk_committed","raw_bytes":26983,"time":"2026-09-19T13:59:40.257821538Z"}
{"chunk":"38884fb9150dc24e8bdb9c86f0b6eada3c4dd3bf6bf3e811fb2f65384841046f","encoded_bytes":102248,"event":"chunk_committed","raw_bytes":102215,"time":"2026-09-19T13:59:40.515115913Z"}
{"chunk":"826b043b0dd91489831aeeed250646c8dfd1ebd62115123dca57219bed6a8fd4","encoded_bytes":79841,"event":"chunk_committed","raw_bytes":79808,"time":"2026-09-19T13:59:40.760852031Z"}
{"chunk":"a4dc1b97e370a1b544e9015f8d62e7d94dbae67bc70038f5d3e8450e805ff8a6","encoded_bytes":37546,"event":"chunk_committed","raw_bytes":37518,"time":"2026-09-19T13:59:40.908741897Z"}
{"chunk":"f037abf9903ec200663bb4cf9008594820defb9da5d29485ee8fdbfa33b8f8f4","encoded_bytes":114898,"event":"chunk_committed","raw_bytes":114865,"time":"2026-09-19T13:59:41.234821366Z"}
{"chunk":"406119aa5e366a0ec33ab55b8a2d1e9e6fd9838c7cb901f25b9bcbb29c1de406","encoded_bytes":24883,"event":"chunk_committed","raw_bytes":24855,"time":"2026-09-19T13:59:41.33498522Z"}
{"chunk":"8fa493f94f82cba0268b772cb0b3724ddc67a5df12c75ce9f5911b5e5c0b0819","encoded_bytes":77782,"event":"chunk_committed","raw_bytes":77749,"time":"2026-09-19T13:59:41.568319413Z"}
{"chunk":"4b45c51a558e1d993b8b8385c23eaba1882c539381a19f6f21b3661a812a003f","encoded_bytes":113780,"event":"chunk_committed","raw_bytes":113747,"time":"2026-09-19T13:59:41.763669107Z"}
{"chunk":"db80879d271889503923531378b181646c0d1b17c1f1e59d659a8221101d286f","encoded_bytes":112033,"event":"chunk_committed","raw_bytes":112000,"time":"2026-09-19T13:59:42.056269189Z"}
{"chunk":"966c5c226caccfa9134d7133d428d4aad64250bee0fd8ac1e2779571034ada48","encoded_bytes":41920,"event":"chunk_committed","raw_bytes":41892,"time":"2026-09-19T13:59:42.211541154Z"}
{"chunk":"6f54ef0345e7e8b74cb93488910fa0952e77ff4bda3eaae60dccd90efb007d98","encoded_bytes":232697,"event":"chunk_committed","raw_bytes":232654,"time":"2026-09-19T13:59:42.814590761Z"}
{"chunk":"719202ed7f830cc02cb0e475b55590e98460bce14fb42aebc40dfbec8b0e430b","encoded_bytes":16647,"event":"chunk_committed","raw_bytes":16619,"time":"2026-09-19T13:59:42.819090681Z"}
{"chunk":"0c2a830bf28f7fc680cfd4f3347396778c21dabdefcb682cef5894f1b2d9f610","encoded_bytes":28465,"event":"chunk_committed","raw_bytes":28437,"time":"2026-09-19T13:59:43.071758147Z"}
{"chunk":"d32d1c4908564dcb562e12d895c7362c669f8abf46ddf86b1e20a2fd52587b88","encoded_bytes":86503,"event":"chunk_committed","raw_bytes":86470,"time":"2026-09-19T13:59:43.21365221Z"}
{"chunk":"0de7826e6d37f9491ea60c8583c575a97245c1012ca65ebfcd5a99b986a9d84f","encoded_bytes":217985,"event":"chunk_committed","raw_bytes":217942,"time":"2026-09-19T13:59:43.668514808Z"}
{"chunk":"5030957ed08cf17ce93030490ead8f6086ab3ae95061ded465aff44fd174cb79","encoded_bytes":45680,"event":"chunk_committed","raw_bytes":45652,"time":"2026-09-19T13:59:43.862172466Z"}
{"chunk":"5fce365155d2799662d0013b1a9b43d97fb79401d9079fd3003247da1de0e644","encoded_bytes":28949,"event":"chunk_committed","raw_bytes":28921,"time":"2026-09-19T13:59:44.007193943Z"}
{"chunk":"5273bbefd3af0bda9ad43a06382d6497ad102aabab67c4ace5bb44a8558c56a5","encoded_bytes":37266,"event":"chunk_committed","raw_bytes":37238,"time":"2026-09-19T13:59:44.161635394Z"}
{"chunk":"ccc93d9e50cdef431f3aa6f1d9d97c311e46336e7b5fd58049af62b3a38a0492","encoded_bytes":110332,"event":"chunk_committed","raw_bytes":110299,"time":"2026-09-19T13:59:44.434877636Z"}
{"chunk":"82a8a6ddc6f0146c012a57876bf5086baa703ca3cdbf737cb39afeab7f55241c","encoded_bytes":133091,"event":"chunk_committed","raw_bytes":133053,"time":"2026-09-19T13:59:44.884732559Z"}
{"chunk":"a0e474b068db37cf301c5ed4ac8d0ea234149cbd7db0600e4005261b432ab262","encoded_bytes":39768,"event":"chunk_committed","raw_bytes":39740,"time":"2026-09-19T13:59:44.914924645Z"}
{"chunk":"05aaf83c524985e8eee55c1ecd3c4b744a2ea8188558f73d8dc44993fd6c996f","encoded_bytes":29059,"event":"chunk_committed","raw_bytes":29031,"time":"2026-09-19T13:59:45.157964664Z"}
{"chunk":"83345c2cbcc4dcd3d95d638e95e1c73cb48bce8160cc431e75537339a580c601","encoded_bytes":133121,"event":"chunk_committed","raw_bytes":133083,"time":"2026-09-19T13:59:45.363110384Z"}
{"chunk":"7606c984f4e32181e50335d626fbf99203270460ded8879208038adc72ca6ba8","encoded_bytes":262192,"event":"chunk_committed","raw_bytes":262144,"time":"2026-09-19T13:59:46.009341912Z"}
{"chunk":"8d76bcaf8836fa4b3fa924a2db06c92ffe1ab9f9892990b89d8c57f67dd6e928","encoded_bytes":32506,"event":"chunk_committed","raw_bytes":32478,"time":"2026-09-19T13:59:46.035337991Z"}
{"chunk":"e5b5dd766f0463057fa21cb759fb27c744afe3b3f3c19ad7796e50bd0e492555","encoded_bytes":102198,"event":"chunk_committed","raw_bytes":102165,"time":"2026-09-19T13:59:46.385522091Z"}
{"chunk":"3e1802690de59b5afcd12bfa2c28e307db0c4331b82fa961dc84baba2d21c78e","encoded_bytes":21097,"event":"chunk_committed","raw_bytes":21069,"time":"2026-09-19T13:59:46.418171067Z"}
{"chunk":"69a6a7a3dda5fa8aba87e26f18833a4dd5826306e47f060264378d5b219775e2","encoded_bytes":28760,"event":"chunk_committed","raw_bytes":28732,"time":"2026-09-19T13:59:46.658913949Z"}
{"chunk":"5e7d60b8436f69c29127ef33d0401db25e46cc6c88429fd8aa1cfe40485dca62","encoded_bytes":69884,"event":"chunk_committed","raw_bytes":69851,"time":"2026-09-19T13:59:46.761867277Z"}
{"chunk":"2fdbb32a1f9d2e4a2b6855747dd461b4760da64fe594cda25df3b62a83caad41","encoded_bytes":162982,"event":"chunk_committed","raw_bytes":162944,"time":"2026-09-19T13:59:47.161263175Z"}
{"chunk":"6f59643bf124518f2c0ed4529c722ae9d228fe835a0abbc46db3bf35068f1f43","encoded_bytes":171886,"event":"chunk_committed","raw_bytes":171848,"time":"2026-09-19T13:59:47.513597256Z"}
{"chunk":"326aff0ebac0ce18b1f8baeed779118d5c0ae84b38c863e1b352d77135080da6","encoded_bytes":26397,"event":"chunk_committed","raw_bytes":26369,"time":"2026-09-19T13:59:47.661323463Z"}
{"chunk":"f03c8b291b4e23124e0ee15a6e084f7e9fda5b6ff205705a10bcefb153885a2a","encoded_bytes":42073,"event":"chunk_committed","raw_bytes":42045,"time":"2026-09-19T13:59:47.825782104Z"}
{"chunk":"1d97e87a7575d2fbd49f3f3912a22c27db83c54278e593c412b7366bc2360007","encoded_bytes":136481,"event":"chunk_committed","raw_bytes":136443,"time":"2026-09-19T13:59:48.184556486Z"}
{"chunk":"f37724a08b8d65f556d5b4750f68156feca82189cef75a1c3a4b57e3b0bd72c7","encoded_bytes":21847,"event":"chunk_committed","raw_bytes":21819,"time":"2026-09-19T13:59:48.287137254Z"}
{"chunk":"99d9f3564f27c24980b7db878fc244896414721e83c3b4f8cee78bf9019f5109","encoded_bytes":80781,"event":"chunk_committed","raw_bytes":80748,"time":"2026-09-19T13:59:48.527641104Z"}
{"chunk":"81b1983aa1a68bfcdced260a85c501a11efba68f372ad86dafdefbd39b27745e","encoded_bytes":56246,"event":"chunk_committed","raw_bytes":56218,"time":"2026-09-19T13:59:48.717489424Z"}
{"chunk":"27f6d9764508845ebe2e3a6f7c1941d4d1ca17e250792e895ea271031ce11741","encoded_bytes":50376,"event":"chunk_committed","raw_bytes":50348,"time":"2026-09-19T13:59:48.912393142Z"}
{"chunk":"ec276e2fa39a8540188eabdda82374992405a5976e30c03df36e7b49318103a4","encoded_bytes":43072,"event":"chunk_committed","raw_bytes":43044,"time":"2026-09-19T13:59:49.071602359Z"}
{"chunk":"76213672fe21095a852288a632094941b0afb2d0fe69e227fe944d3a2dae02a5","encoded_bytes":19305,"event":"chunk_committed","raw_bytes":19277,"time":"2026-09-19T13:59:49.231837167Z"}
{"chunk":"781ffa70e75b4fcb7180eec95371ed45ee7137070c8a7e7cbc7db2fa565eed6e","encoded_bytes":18863,"event":"chunk_committed","raw_bytes":18835,"time":"2026-09-19T13:59:49.335332093Z"}
{"chunk":"61a966d8cd0f33925e3a7e46fab73f96af4f68cb8c638f29c967a4d3f460175f","encoded_bytes":32336,"event":"chunk_committed","raw_bytes":32308,"time":"2026-09-19T13:59:49.51127725Z"}
{"chunk":"0ca08ec3b0bb8e54d6bb04df189753623f1c9f8cca02947a1d4968b6c33c8d6f","encoded_bytes":228252,"event":"chunk_committed","raw_bytes":228209,"time":"2026-09-19T13:59:49.966129026Z"}
{"chunk":"6c5fc4801ce7def1f77f18187275cf154ef5faa16af093540cb3c87b9a3dcaf3","encoded_bytes":262192,"event":"chunk_committed","raw_bytes":262144,"time":"2026-09-19T13:59:50.6221712Z"}
{"chunk":"95a9b6bc843c44e7b899ee897dfede4f9ca32648c019254aecd20ce638038392","encoded_bytes":38024,"event":"chunk_committed","raw_bytes":37996,"time":"2026-09-19T13:59:50.661555018Z"}
{"chunk":"2d74dd8e1db9cb26544314aab26752a7ee3bb6aa07670fba5c72bd75bd21f2fd","encoded_bytes":29119,"event":"chunk_committed","raw_bytes":29091,"time":"2026-09-19T13:59:50.962821298Z"}
{"chunk":"d3811be6f233be22844578e8493c4294b064d0b8f941d595449cccdcf82b95f1","encoded_bytes":49806,"event":"chunk_committed","raw_bytes":49778,"time":"2026-09-19T13:59:50.972177241Z"}
{"chunk":"573500702c577336b357671c972afcdc57d49f02200198e39dfd21103cb240f2","encoded_bytes":18432,"event":"chunk_committed","raw_bytes":18404,"time":"2026-09-19T13:59:51.212401125Z"}
{"chunk":"32100d32237bd06b271013eb3f3863d5eb1f42ec056f8a6da816e30dc5a194f8","encoded_bytes":17730,"event":"chunk_committed","raw_bytes":17702,"time":"2026-09-19T13:59:51.229504392Z"}
{"chunk":"05e197f800a34f8effd6d505002ebad9215c023833cd606cdb146b210fd14dd7","encoded_bytes":17548,"event":"chunk_committed","raw_bytes":17520,"time":"2026-09-19T13:59:51.45944018Z"}
{"chunk":"72623e08f714157c797c6b8843d55dba11119a661ee9bf2558f3205c7c0f6066","encoded_bytes":124385,"event":"chunk_committed","raw_bytes":124352,"time":"2026-09-19T13:59:51.684250556Z"}
{"chunk":"e9885119b5d18b2933bde5fe06b3ed23d817eed30ddc626a535506c980be50d5","encoded_bytes":17315,"event":"chunk_committed","raw_bytes":17287,"time":"2026-09-19T13:59:51.781435145Z"}
{"chunk":"b31bc1d1b8d4619e18a669fb60301bd2873a84dbe034f42328e34c9266d101ae","encoded_bytes":88629,"event":"chunk_committed","raw_bytes":88596,"time":"2026-09-19T13:59:52.03791747Z"}
{"chunk":"0aa4fbe507e25834227abb1769a0afa647ff695c932eace48ea877b7f62bde9c","encoded_bytes":76145,"event":"chunk_committed","raw_bytes":76112,"time":"2026-09-19T13:59:52.162798451Z"}
{"chunk":"9f11cfa70fedbcc05372f03a3bb947fd1941ad5f03cef4114d87753b924f9d3e","encoded_bytes":100130,"event":"chunk_committed","raw_bytes":100097,"time":"2026-09-19T13:59:52.425890337Z"}
{"chunk":"8ac2ccf670b56e4df0ae4b41ffc7c88ad6b441e3499a6d0cd5e474e16b906ad6","encoded_bytes":95322,"event":"chunk_committed","raw_bytes":95289,"time":"2026-09-19T13:59:52.708908724Z"}
{"chunk":"dabd64582f1eb6545853fd64278077298534665e9abc68faf7ff78be0c6314e9","encoded_bytes":31583,"event":"chunk_committed","raw_bytes":31555,"time":"2026-09-19T13:59:52.834768544Z"}
{"chunk":"88713ed599880278d24660aea2558bfab65c1b805cdebc04ea9312ce326e53b8","encoded_bytes":84039,"event":"chunk_committed","raw_bytes":84006,"time":"2026-09-19T13:59:53.072294416Z"}
{"chunk":"5c3c55c7bedb051809f915903238ceee4d22120a2c4f9a734c0f62dcb98f9e0e","encoded_bytes":152297,"event":"chunk_committed","raw_bytes":152259,"time":"2026-09-19T13:59:53.424860277Z"}
{"chunk":"c2adf46f6d082b0db1337f612c87a9e84dda9c1a5c2813e8e367db0337f573b4","encoded_bytes":16982,"event":"chunk_committed","raw_bytes":16954,"time":"2026-09-19T13:59:53.565956172Z"}
{"chunk":"b62ee330b3b65f4c41b6654c8240bf7257f26eef3d18c74eb8d45fafc431a0bb","encoded_bytes":214327,"event":"chunk_committed","raw_bytes":214284,"time":"2026-09-19T13:59:54.138014992Z"}
{"chunk":"3c2f0effbc84290a9043889989fc84fc7c3ee0d53af8dada5574db3832e8136a","encoded_bytes":90441,"event":"chunk_committed","raw_bytes":90408,"time":"2026-09-19T13:59:54.264141156Z"}
{"chunk":"825906dcef809da39714039dba338994af184fbbcf435cd8c109a7a742da913a","encoded_bytes":128157,"event":"chunk_committed","raw_bytes":128124,"time":"2026-09-19T13:59:54.561205678Z"}
{"chunk":"0e142e332ea7ce8ebf7b17439c9359628f6c3343e30fd1d80e4c2631cad5271e","encoded_bytes":83869,"event":"chunk_committed","raw_bytes":83836,"time":"2026-09-19T13:59:54.810193574Z"}
{"chunk":"6261f61f602a18419f4e31b87967fc40056aa75cee93aa3de273d0bfeb5b8331","encoded_bytes":51548,"event":"chunk_committed","raw_bytes":51520,"time":"2026-09-19T13:59:54.977740893Z"}
{"chunk":"ccba48bb6b1f4930e705165212d290e3079925f7aff038d7d918127409583184","encoded_bytes":50378,"event":"chunk_committed","raw_bytes":50350,"time":"2026-09-19T13:59:55.184391657Z"}
{"chunk":"76b202abfb76994982039d47af5abe4bc12897e7401eefa902afce9be6a47ae2","encoded_bytes":223974,"event":"chunk_committed","raw_bytes":223931,"time":"2026-09-19T13:59:55.72832782Z"}
{"chunk":"22581f5c3ef95e2b704303f1c08b06c254135b4e0cbf7c28038dc34a64840f38","encoded_bytes":162602,"event":"chunk_committed","raw_bytes":162564,"time":"2026-09-19T13:59:56.006248506Z"}
{"chunk":"82677c4118353b20296bbbdaacd87fdd351844f153f5285e3aa9e4772fd0683f","encoded_bytes":153969,"event":"chunk_committed","raw_bytes":153931,"time":"2026-09-19T13:59:56.364547003Z"}
{"chunk":"6b8555769eacfc1cba9bfc21f5b9fe1138c888de65ae751aeb18714e60d55c69","encoded_bytes":67442,"event":"chunk_committed","raw_bytes":67409,"time":"2026-09-19T13:59:56.561589264Z"}
{"chunk":"7aef33b0ec56e57a7a38bd3ba8846643e3269825131e48d4f76b112a7b995c99","encoded_bytes":43914,"event":"chunk_committed","raw_bytes":43886,"time":"2026-09-19T13:59:56.723884531Z"}
{"chunk":"1e6b1685299bb9f6be830b5be06a89adf82b673ece20e12b9c42b76b6adb03ff","encoded_bytes":52195,"event":"chunk_committed","raw_bytes":52167,"time":"2026-09-19T13:59:56.91123154Z"}
{"chunk":"7cc7199ceab07ffef1b6b42a9952cbd1856d970679a90ac9ad27d9d551e8bc14","encoded_bytes":65412,"event":"chunk_committed","raw_bytes":65384,"time":"2026-09-19T13:59:57.118862418Z"}
{"chunk":"1a690314064b655a3fbe2e692b180a61aad0b497fb442e097de7d7c66e7d9cb2","encoded_bytes":109070,"event":"chunk_committed","raw_bytes":109037,"time":"2026-09-19T13:59:57.461511049Z"}
{"chunk":"f4805e0d7380d561b664636e869920097830b459f5ba445fbfe06bff4b6d3b67","encoded_bytes":216788,"event":"chunk_committed","raw_bytes":216745,"time":"2026-09-19T13:59:57.863553171Z"}
{"chunk":"3a807d84e8980682b0bfe58d2fcea06d872eb6155cc1031e6cc089473b1af277","encoded_bytes":135587,"event":"chunk_committed","raw_bytes":135549,"time":"2026-09-19T13:59:58.170919687Z"}
{"chunk":"3a03cb2a5da7bc9bad27043c623b820ab5b2ccbb7af3e4b260f890e210d6adfc","encoded_bytes":148817,"event":"chunk_committed","raw_bytes":148779,"time":"2026-09-19T13:59:58.535280596Z"}
{"chunk":"a9a419d5071044d8f689618e1e623a733c0f99d98094bc7643c93ca5064c1d2d","encoded_bytes":24711,"event":"chunk_committed","raw_bytes":24683,"time":"2026-09-19T13:59:58.66221957Z"}
{"chunk":"2306aa1284eb097c9199322bc94bd66a50602ae28d1eaade437966bd2dfd2c4e","encoded_bytes":30446,"event":"chunk_committed","raw_bytes":30418,"time":"2026-09-19T13:59:58.812294614Z"}
{"chunk":"c17d804a11be52c388bd27ada14014532b692adc512f60d82feec73b17864f09","encoded_bytes":53498,"event":"chunk_committed","raw_bytes":53470,"time":"2026-09-19T13:59:59.009381921Z"}
{"chunk":"ffe74e82d000494c2621ce2700e007c47904d3fccaa0002936540d83e73df71d","encoded_bytes":99659,"event":"chunk_committed","raw_bytes":99626,"time":"2026-09-19T13:59:59.262159477Z"}
{"chunk":"07a0030908bb5931c9851b5ef3ffc610518eec7940ac2d953c11508d86ba0c05","encoded_bytes":149104,"event":"chunk_committed","raw_bytes":149066,"time":"2026-09-19T13:59:59.637748979Z"}
{"chunk":"7ff9ef112171f902ccf5cc42489e9145b898baf09f54252f7f0013fe2fc7979f","encoded_bytes":123226,"event":"chunk_committed","raw_bytes":123193,"time":"2026-09-19T13:59:59.909543109Z"}
{"chunk":"b75b859969f9756bc62075b4beff91634e768a1e0d8e7d4521e998153818581c","encoded_bytes":24305,"event":"chunk_committed","raw_bytes":24277,"time":"2026-09-19T14:00:00.038153946Z"}
{"chunk":"a9c5b50bc9ae77715bec6a952250245d21404faa1dcafeaf7835213092fa7289","encoded_bytes":117428,"event":"chunk_committed","raw_bytes":117395,"time":"2026-09-19T14:00:00.334544079Z"}
{"chunk":"4c7ad0a5b69141c07ff7717e181dd581d8bcf96078d33547789812cb3d5fa946","encoded_bytes":262192,"event":"chunk_committed","raw_bytes":262144,"time":"2026-09-19T14:00:00.886844816Z"}
{"chunk":"72641db375c2e0af0fc60f63482958e979564979e83a99a266e65aab18b12fcd","encoded_bytes":36108,"event":"chunk_committed","raw_bytes":36080,"time":"2026-09-19T14:00:01.016198391Z"}
{"chunk":"418f15b72f05de81c8bd30d45f7846b3d6b9a6763987a12f58fedaeb9898abda","encoded_bytes":68034,"event":"chunk_committed","raw_bytes":68001,"time":"2026-09-19T14:00:01.229034028Z"}
{"chunk":"c605fa79676f25be5c64e9187d1ea156090f47e912ab9a0f1c931d673ab04ff0","encoded_bytes":40398,"event":"chunk_committed","raw_bytes":40370,"time":"2026-09-19T14:00:01.412713651Z"}
{"chunk":"03f173323872b4424a16d12772ac552e63430df1d01433dbd673bb87dd6e3540","encoded_bytes":106120,"event":"chunk_committed","raw_bytes":106087,"time":"2026-09-19T14:00:01.67020084Z"}
{"chunk":"3e53664917013e8fb137008ae6095f10aa3c0d04f28a1c1d50c3fc75f315c275","encoded_bytes":95997,"event":"chunk_committed","raw_bytes":95964,"time":"2026-09-19T14:00:01.958871759Z"}
{"chunk":"efd6f08757c80174a57c35dfb8609638626dc3006bd7b5efdea7e761af81080c","encoded_bytes":49361,"event":"chunk_committed","raw_bytes":49333,"time":"2026-09-19T14:00:02.112623655Z"}
{"chunk":"592728e82b64d4ad2487012525f15d3210062c10c7c6042f83c9dbc1a00fff0c","encoded_bytes":57306,"event":"chunk_committed","raw_bytes":57278,"time":"2026-09-19T14:00:02.312930641Z"}
{"chunk":"e71b325f5cb2505444dadfaf6eed3c9a80f2139707b8f58d44dff0e128050495","encoded_bytes":74878,"event":"chunk_committed","raw_bytes":74845,"time":"2026-09-19T14:00:02.525068816Z"}
{"chunk":"ffa10bcda48bed4022090d4b5acca9b02fbd21a1be071e88994031adec9c6828","encoded_bytes":81523,"event":"chunk_committed","raw_bytes":81490,"time":"2026-09-19T14:00:02.759280647Z"}
{"chunk":"3dbd39477c9a2964c1bad32098e3394c0aa67fb7b2abb113b365485af0804a9c","encoded_bytes":259444,"event":"chunk_committed","raw_bytes":259401,"time":"2026-09-19T14:00:03.312812916Z"}
{"chunk":"68b52c0baa554ec2e2c580cce38b6f0259263463ef0034e6b3f3eb296da69cdc","encoded_bytes":42105,"event":"chunk_committed","raw_bytes":42077,"time":"2026-09-19T14:00:03.461895577Z"}
{"chunk":"ae1bc216079dbbad200f6d761cd23e8f44c330ceaeae66f1e2042ce35d6bdba2","encoded_bytes":75217,"event":"chunk_committed","raw_bytes":75184,"time":"2026-09-19T14:00:03.673293245Z"}
{"chunk":"9873f88a9939903089b8241c4dc403a73b699890680d6a10c5f53ade3e1f5e0c","encoded_bytes":43777,"event":"chunk_committed","raw_bytes":43749,"time":"2026-09-19T14:00:03.861542801Z"}
{"chunk":"a095e43156c7168e196ff1cbe9e935a44c3a0aa7ddf8da5f439c8d6893612690","encoded_bytes":47709,"event":"chunk_committed","raw_bytes":47681,"time":"2026-09-19T14:00:04.020729122Z"}
{"chunk":"4c04961640c01fb469d5874370a87b998b6c2c24dc61b658f1a598f74c514f0a","encoded_bytes":124942,"event":"chunk_committed","raw_bytes":124909,"time":"2026-09-19T14:00:04.358659103Z"}
{"chunk":"a90e92a7aade608330a15344bac495458328760114087a8b1c8b4411c70ff6e5","encoded_bytes":88110,"event":"chunk_committed","raw_bytes":88077,"time":"2026-09-19T14:00:04.570332688Z"}
{"chunk":"866022adb6cbc9781e69b3f2bd8d51afb74e88b32979c148663043cc15cac677","encoded_bytes":114375,"event":"chunk_committed","raw_bytes":114342,"time":"2026-09-19T14:00:04.862081551Z"}
{"chunk":"c9ed39456c7d3b11678d51670d3f6a58852c8d016f2203e50e379c1933126499","encoded_bytes":181315,"event":"chunk_committed","raw_bytes":181277,"time":"2026-09-19T14:00:05.260019718Z"}
{"chunk":"175398fbc41f2154eeda32c57e13fdeba79d32a4b2fc3e270c45e4ba5e56d999","encoded_bytes":73376,"event":"chunk_committed","raw_bytes":73343,"time":"2026-09-19T14:00:05.512755752Z"}
{"chunk":"fe284ffb2d7ce5e253fbbd4a71bef75cb820c6d4ae7babb445162b3ddbcdbef3","encoded_bytes":34098,"event":"chunk_committed","raw_bytes":34070,"time":"2026-09-19T14:00:05.631293566Z"}
{"chunk":"94565493883d5c5ca29dce86a241f529f001db42939647c858dfd2bf75e345c0","encoded_bytes":62164,"event":"chunk_committed","raw_bytes":62136,"time":"2026-09-19T14:00:05.833624498Z"}
{"chunk":"36859a3a600b3472a80ab8bb55b9e647090ede73d6af9f6919008e8521711238","encoded_bytes":20913,"event":"chunk_committed","raw_bytes":20885,"time":"2026-09-19T14:00:05.968505882Z"}
{"chunk":"36eb0c46689c5933896f163391bd64e8bd1f6e9d463d0cc6227ba46e5ea7c4f6","encoded_bytes":146410,"event":"chunk_committed","raw_bytes":146372,"time":"2026-09-19T14:00:06.311544986Z"}
{"chunk":"4e2c699129adf2f2c3dafbfb71dcc8d756af6e9d07089b40ead5d17883dbbbb2","encoded_bytes":28733,"event":"chunk_committed","raw_bytes":28705,"time":"2026-09-19T14:00:06.465676789Z"}
{"chunk":"b72a53d2ab929e9bd9ea5aee36f1912b6ec2b9fea2e62de7adab57aa86445f9f","encoded_bytes":97340,"event":"chunk_committed","raw_bytes":97307,"time":"2026-09-19T14:00:06.737846421Z"}
{"chunk":"670f4c2395a6bd171527e0f04cd1feafa91359fd439b3ef11d849243b626c3ad","encoded_bytes":111081,"event":"chunk_committed","raw_bytes":111048,"time":"2026-09-19T14:00:07.011502794Z"}
{"chunk":"ddb196e60c9d0fea91911b7f1b7b7c7d1d994b56735b90a4ffe2d922aee24b3a","encoded_bytes":35476,"event":"chunk_committed","raw_bytes":35448,"time":"2026-09-19T14:00:07.160315407Z"}
{"chunk":"2424b84596190539cf59802b9b956fc9b51f064bb728d36f6d2ce9712a49383b","encoded_bytes":55147,"event":"chunk_committed","raw_bytes":55119,"time":"2026-09-19T14:00:07.359788599Z"}
{"chunk":"99b73431e9468196b42f5e51c51df6faa711ad96f2bc9dbd3efcb0668f37a798","encoded_bytes":52365,"event":"chunk_committed","raw_bytes":52337,"time":"2026-09-19T14:00:07.528058285Z"}
{"chunk":"861ba337e0430425569bf5763f1e610257dbda2faadff214bfc597c5a91993ea","encoded_bytes":62115,"event":"chunk_committed","raw_bytes":62087,"time":"2026-09-19T14:00:07.731366162Z"}
{"chunk":"fffa8906ce97adca17af1af5b54f098feb6878d22598640fe54f4a20743c06ed","encoded_bytes":29107,"event":"chunk_committed","raw_bytes":29079,"time":"2026-09-19T14:00:07.908510977Z"}
{"chunk":"0cee4e252453d2213575ab1aff0ae53ad6644a3253014a4c886531aa7e8db18d","encoded_bytes":59602,"event":"chunk_committed","raw_bytes":59574,"time":"2026-09-19T14:00:08.078413419Z"}
{"chunk":"8a028e7fd41d4d9f0d5d53de4c33090cd16ccb751e30ec8f5c191d019fa2fa96","encoded_bytes":145478,"event":"chunk_committed","raw_bytes":145440,"time":"2026-09-19T14:00:08.415521743Z"}
{"chunk":"8d9451580e69a8c0d3828654ffddedc11835e450e72dd7991b7e1f97ea780c4c","encoded_bytes":21554,"event":"chunk_committed","raw_bytes":21526,"time":"2026-09-19T14:00:08.559206989Z"}
{"chunk":"4550c21c69a6186961d3f86c2b91fd9e232a8698a7664af6cce3d634a52ba5b2","encoded_bytes":27399,"event":"chunk_committed","raw_bytes":27371,"time":"2026-09-19T14:00:08.712075138Z"}
{"chunk":"2a4918efd7604a4babb9d57714aff7548da20e1111642980b4c2b95933851a3d","encoded_bytes":66286,"event":"chunk_committed","raw_bytes":66253,"time":"2026-09-19T14:00:08.958561458Z"}
{"chunk":"e4a5f457377593d09c0357de0c4240f8058b7355df55a06b78dd078fd792431e","encoded_bytes":185068,"event":"chunk_committed","raw_bytes":185030,"time":"2026-09-19T14:00:09.312831127Z"}
{"chunk":"155230dfee3c74ff675cc018e2bde9f7f74bcff1209728c24dd5e4402192b1d7","encoded_bytes":111546,"event":"chunk_committed","raw_bytes":111513,"time":"2026-09-19T14:00:09.616541703Z"}
{"chunk":"ef602e471ec753ab19c97331e8cc650d82619ec381ce93f4c2a6dcab2bb1a3de","encoded_bytes":51579,"event":"chunk_committed","raw_bytes":51551,"time":"2026-09-19T14:00:09.775381262Z"}
{"chunk":"b61a2aad3c53e7145566de924e395fbf789c3d88d34c4b8020b52babefe53e3c","encoded_bytes":56513,"event":"chunk_committed","raw_bytes":56485,"time":"2026-09-19T14:00:10.008070279Z"}
{"chunk":"08358f28c4ba80f18b631cc937d8909f439d0ef7635ef68c48a980d9f1c7e1de","encoded_bytes":18120,"event":"chunk_committed","raw_bytes":18092,"time":"2026-09-19T14:00:10.109612548Z"}
{"chunk":"ad5b9240413600185b6c9f5b49ee08c5c8827db930a261c4e7bb30a02514e4d9","encoded_bytes":16524,"event":"chunk_committed","raw_bytes":16496,"time":"2026-09-19T14:00:10.261443403Z"}
{"chunk":"3a2fb49d03a584dfa8969b8a7c27e1909a2f15adf1cda0407fe753b10100d0bd","encoded_bytes":42670,"event":"chunk_committed","raw_bytes":42642,"time":"2026-09-19T14:00:10.412501544Z"}
{"chunk":"8b116989bce058f83e96b44ed78477051ec04d6ff8585598746b64a7f7a0dcf6","encoded_bytes":30629,"event":"chunk_committed","raw_bytes":30601,"time":"2026-09-19T14:00:10.565057948Z"}
{"chunk":"1f4bd53d76c439c6a16fd59d4faaa4cb4a29cf04f80ef90aebb6cc7bcb4cb0bc","encoded_bytes":48891,"event":"chunk_committed","raw_bytes":48863,"time":"2026-09-19T14:00:10.761441665Z"}
{"chunk":"2ee82a8f27c39cd89ccb950e7fd4b439ae823ef66a341dbb7f00315b2f609af7","encoded_bytes":25507,"event":"chunk_committed","raw_bytes":25479,"time":"2026-09-19T14:00:10.888544176Z"}
{"chunk":"8a8e0ca73bb292a44321cd7a5b66fb2ec3c33d8d64dc50edbd58b064e93db8da","encoded_bytes":18841,"event":"chunk_committed","raw_bytes":18813,"time":"2026-09-19T14:00:11.058589293Z"}
{"chunk":"d85daaa6eb41dc0346c024172340713e51a9e72c098aac38cc8cba4a4b05c8d6","encoded_bytes":168058,"event":"chunk_committed","raw_bytes":168020,"time":"2026-09-19T14:00:11.409888955Z"}
{"chunk":"06acb326aee3e03a265123e72f9b2cef1166e0a8ede35dcdfa861d3f8455c5a8","encoded_bytes":242795,"event":"chunk_committed","raw_bytes":242752,"time":"2026-09-19T14:00:11.910020382Z"}
{"chunk":"7ded98377d63a6704f6a2e52306fe67aa160fac7e52ce9c8481dd9427189db1d","encoded_bytes":37871,"event":"chunk_committed","raw_bytes":37843,"time":"2026-09-19T14:00:12.086485218Z"}
{"chunk":"1ab0a0f3a29b998eebfe7237ef8eb10bdcf2e62540fdc5b4e8c5f93068d29fb9","encoded_bytes":53599,"event":"chunk_committed","raw_bytes":53571,"time":"2026-09-19T14:00:12.237413457Z"}
{"chunk":"367a5c758909e73dd6da881d60a9bad87800bfe149cb9d979f0cdaacec50a03f","encoded_bytes":25677,"event":"chunk_committed","raw_bytes":25649,"time":"2026-09-19T14:00:12.380210176Z"}
{"chunk":"d624ed4a92f49f446d223406b2f19b83cdf3c8b573c1d3bb7b88f2234780684b","encoded_bytes":232678,"event":"chunk_committed","raw_bytes":232635,"time":"2026-09-19T14:00:12.859504151Z"}
{"chunk":"f940ee818e0dd0743237391bf439b46e3ed2b1388ce37d6d5c0a96db2ca46104","encoded_bytes":21489,"event":"chunk_committed","raw_bytes":21461,"time":"2026-09-19T14:00:13.011842676Z"}
{"chunk":"cc3d244a78a345daad0e2ebc6ecebcc208776e697397f7ef861d48a39555be53","encoded_bytes":40029,"event":"chunk_committed","raw_bytes":40001,"time":"2026-09-19T14:00:13.182260841Z"}
{"chunk":"3326cf82d151cc9697d4c5b0caf0f7ed9cc43ef112f3fb778bea7adca230f270","encoded_bytes":30246,"event":"chunk_committed","raw_bytes":30218,"time":"2026-09-19T14:00:13.311897187Z"}
{"chunk":"6ab83cae1ba37ec2f0479d776fa665a7b80e55718a1836084461be1c68f8886b","encoded_bytes":32549,"event":"chunk_committed","raw_bytes":32521,"time":"2026-09-19T14:00:13.466686711Z"}
{"chunk":"4594c338babf4817169d02093e82aacd9cac289184d234d8b9be20da8bc74d30","encoded_bytes":226117,"event":"chunk_committed","raw_bytes":226074,"time":"2026-09-19T14:00:14.03817314Z"}
{"chunk":"f4289f24e91db5ebb885d4b45c28e49a81a6701137c46a8c765ce566781e8fb4","encoded_bytes":68971,"event":"chunk_committed","raw_bytes":68938,"time":"2026-09-19T14:00:14.160953685Z"}
{"chunk":"135e141be22b3ca745f90566b44a32064a9e7a02d4ea5cb0be981fc9f1ebb5e7","encoded_bytes":24221,"event":"chunk_committed","raw_bytes":24193,"time":"2026-09-19T14:00:14.311899485Z"}
{"chunk":"e5624c0e6578d568e6b5743de12be2fccb7b03bde48d8e2a35d5e98daec7223d","encoded_bytes":206033,"event":"chunk_committed","raw_bytes":205990,"time":"2026-09-19T14:00:14.722405264Z"}
{"chunk":"5cc324800af10f63aa6bfa730728ae1b9761248006a10fcc5d9dda2e91a90fd3","encoded_bytes":39018,"event":"chunk_committed","raw_bytes":38990,"time":"2026-09-19T14:00:14.884955197Z"}
{"chunk":"dd52abfa30e37cca758ced3859401ff82e8b4498e9ac1475f31b00627d797670","encoded_bytes":223792,"event":"chunk_committed","raw_bytes":223749,"time":"2026-09-19T14:00:15.381113728Z"}
{"chunk":"ed214d0985b5bfc5d550d78d991a34d1f2806c522141cc8dd76ca3ef6623a3e8","encoded_bytes":219623,"event":"chunk_committed","raw_bytes":219580,"time":"2026-09-19T14:00:15.811277718Z"}
{"chunk":"a41655e89ecb8903461173cbd3309718d4f3203a8d95c1fea0cea8c7c780786a","encoded_bytes":170794,"event":"chunk_committed","raw_bytes":170756,"time":"2026-09-19T14:00:16.184621356Z"}
{"chunk":"0fde02ce4644ad7ef544b8a5572102faf2dbb70fb11039640f1699ea89fb08ad","encoded_bytes":88024,"event":"chunk_committed","raw_bytes":87991,"time":"2026-09-19T14:00:16.461994447Z"}
{"chunk":"eee4f4a8d719546f48f9efe9cb9ab6403ac27c8f18313cd53054127722df6da0","encoded_bytes":31083,"event":"chunk_committed","raw_bytes":31055,"time":"2026-09-19T14:00:16.579529625Z"}
{"chunk":"52de3e5e1d50223af0868cf532203972ee7a50597011eed341b494db04ee76a0","encoded_bytes":59044,"event":"chunk_committed","raw_bytes":59016,"time":"2026-09-19T14:00:16.778737041Z"}
{"artifact_sha256":"8f150087aaca7cc92570acffe5b66dd427cbab2b1dd83eef7e9e700a7137ec97","event":"release_ready","phase":"staged","release":"app-a-v1","time":"2026-09-19T14:00:17.05677804Z"}
{
  "release": "app-a-v1",
  "sequence": 1,
  "phase": "staged",
  "artifact": "/tmp/edgelab-v31-lnbtvztn/link-client/staged/8f150087aaca7cc92570acffe5b66dd427cbab2b1dd83eef7e9e700a7137ec97.tar",
  "artifact_sha256": "8f150087aaca7cc92570acffe5b66dd427cbab2b1dd83eef7e9e700a7137ec97",
  "artifact_bytes": 16784896,
  "unique_chunks": 202,
  "reused_chunks": 0,
  "reused_raw_bytes": 0,
  "downloaded_chunks": 202,
  "downloaded_raw_bytes": 16784896,
  "chunk_response_body_bytes": 16791337,
  "metadata_response_body_bytes": 53581,
  "useful_encoded_bytes": 16791337,
  "retry_overhead_body_bytes": 0,
  "chunk_requests": 202,
  "metadata_requests": 1,
  "retries": 0,
  "integrity_failures": 0,
  "elapsed_seconds": 48.280136463
}
{"event":"plan","missing_chunks":84,"missing_raw_bytes":6729413,"release":"app-b-v1","reused_chunks":123,"time":"2026-09-19T14:00:18.625567307Z","unique_chunks":207}
{"chunk":"03bb976f38b11c4163d98585b10b9ea0c974fdb4683185985e5caa1c433ca715","encoded_bytes":41307,"event":"chunk_committed","raw_bytes":41279,"time":"2026-09-19T14:00:18.910488588Z"}
{"chunk":"49baa95c80d6ffa1f065d021a278ad3e204388e43dc9b49549d6acc00c9b6368","encoded_bytes":60174,"event":"chunk_committed","raw_bytes":60146,"time":"2026-09-19T14:00:19.364257624Z"}
{"chunk":"785f75008c09a7fd131e0038f19a23420a63f64d067ecbabfda8ef67b79d7dfa","encoded_bytes":162047,"event":"chunk_committed","raw_bytes":162009,"time":"2026-09-19T14:00:19.510291809Z"}
{"chunk":"29fafff7b8e5224c721472840b78c22969654d0128e0660652b2aab68c15b7fc","encoded_bytes":69766,"event":"chunk_committed","raw_bytes":69733,"time":"2026-09-19T14:00:19.716076941Z"}
{"chunk":"6c0365d11438e5885e558a22ba609aeb5f398ef093f67290c783b455fb7783f9","encoded_bytes":80530,"event":"chunk_committed","raw_bytes":80497,"time":"2026-09-19T14:00:19.960148119Z"}
{"chunk":"740cc151077653d75e9439bf812110ab46599574ef744007c9332c123bb18ffd","encoded_bytes":26959,"event":"chunk_committed","raw_bytes":26931,"time":"2026-09-19T14:00:20.110627559Z"}
{"chunk":"07f5e3be249e9a82c271f5beb4f1f19420e7e0d64dabb4b2b6efa42a29286978","encoded_bytes":36665,"event":"chunk_committed","raw_bytes":36637,"time":"2026-09-19T14:00:20.286563534Z"}
{"chunk":"e0de7b2f3a671302a3b95a1bdaa90a3f168154defadb7770e10711f4cdb38aba","encoded_bytes":136959,"event":"chunk_committed","raw_bytes":136921,"time":"2026-09-19T14:00:20.580577021Z"}
{"chunk":"30bd0e2d3295479f41817227043afee387f20b9349afaf1d7c960831b881fd2c","encoded_bytes":24952,"event":"chunk_committed","raw_bytes":24924,"time":"2026-09-19T14:00:20.723164786Z"}
{"chunk":"3d333a9eee3ddb0e06868a3f59e527b4da3a35c2eb42598f4cb12e776a4ac708","encoded_bytes":126535,"event":"chunk_committed","raw_bytes":126502,"time":"2026-09-19T14:00:21.025277954Z"}
{"chunk":"3ee9386b449ac4852083f73f21903d7dc07fd48356b47960c275998a92a70cf4","encoded_bytes":38885,"event":"chunk_committed","raw_bytes":38857,"time":"2026-09-19T14:00:21.18884236Z"}
{"chunk":"7567417c46a5078b6b5051957382a579d7e359857dab9b3ad6517d701a3db709","encoded_bytes":141058,"event":"chunk_committed","raw_bytes":141020,"time":"2026-09-19T14:00:21.561996987Z"}
{"chunk":"39903642ff7f47df630864849db7d1746d001619627378d0c71e09e1a17efe14","encoded_bytes":203144,"event":"chunk_committed","raw_bytes":203101,"time":"2026-09-19T14:00:22.062793198Z"}
{"chunk":"82eab876a1da5fdd58b6a231968c3ea507a75b7516d9118415a50017dcd8f5bf","encoded_bytes":40166,"event":"chunk_committed","raw_bytes":40138,"time":"2026-09-19T14:00:22.115558619Z"}
{"chunk":"5b4941a9487b6c37f2c1a8d8203c9cf497248f3c79f6dfc4278f28cac0359c9e","encoded_bytes":40561,"event":"chunk_committed","raw_bytes":40533,"time":"2026-09-19T14:00:22.356691009Z"}
{"chunk":"44dcd53c5ce52850cadeeabb94124ceabf20a7390e0f9055e1f02d497de8f44f","encoded_bytes":41790,"event":"chunk_committed","raw_bytes":41762,"time":"2026-09-19T14:00:22.411947269Z"}
{"chunk":"2d7c6d68b5fdf226cc95449c9bc0e437262448fa07e93255f39db90162003c5b","encoded_bytes":262192,"event":"chunk_committed","raw_bytes":262144,"time":"2026-09-19T14:00:23.015794393Z"}
{"chunk":"e65d381f660fa7b4ab9b77884afaacea1e1687815c8667bc5f0c5f8a01afb360","encoded_bytes":42345,"event":"chunk_committed","raw_bytes":42317,"time":"2026-09-19T14:00:23.06159932Z"}
{"chunk":"fa7fb4225cfcf31ec402ca346ea4c28c624986497bbb518e23ab55c58f408284","encoded_bytes":60287,"event":"chunk_committed","raw_bytes":60259,"time":"2026-09-19T14:00:23.322977934Z"}
{"chunk":"430ed3f9bf08e09bbe8497876601ba133023a3c934b71f5779878d297a004f68","encoded_bytes":209598,"event":"chunk_committed","raw_bytes":209555,"time":"2026-09-19T14:00:23.666271724Z"}
{"chunk":"b2492f79d9a9d4bb7dc7e63a8464b245fdbcf124a5505a9fc8a438d943c17097","encoded_bytes":78416,"event":"chunk_committed","raw_bytes":78383,"time":"2026-09-19T14:00:23.906803992Z"}
{"chunk":"3a77651712c2056ad592b9262bbae8e0ddaf064697c49c5db34187fab80c2261","encoded_bytes":27988,"event":"chunk_committed","raw_bytes":27960,"time":"2026-09-19T14:00:24.08520174Z"}
{"chunk":"bbf95023e96faa86ac0385323369e3cb37927cd7ddb08b84f47a378e086e9564","encoded_bytes":59384,"event":"chunk_committed","raw_bytes":59356,"time":"2026-09-19T14:00:24.263661139Z"}
{"chunk":"b9b6d48e980aeda6ac5a89b77adc5ac323908d767c98fe3209d9162dd25fa067","encoded_bytes":16589,"event":"chunk_committed","raw_bytes":16561,"time":"2026-09-19T14:00:24.379115286Z"}
{"chunk":"3c8b773d4d1c8a11e82790a374535faa626e0b746156e96f505215c279012913","encoded_bytes":20808,"event":"chunk_committed","raw_bytes":20780,"time":"2026-09-19T14:00:24.512173853Z"}
{"chunk":"e92a4f4701c70e190c9f4088d30afa756677aa03c2d96837a9602badc9020540","encoded_bytes":18653,"event":"chunk_committed","raw_bytes":18625,"time":"2026-09-19T14:00:24.659682134Z"}
{"chunk":"56f954186c093eaf6bbb90d52d35727046607034629ed18c8243ecabb3c34c0b","encoded_bytes":22871,"event":"chunk_committed","raw_bytes":22843,"time":"2026-09-19T14:00:24.785511785Z"}
{"chunk":"5dfe15a48a6fdf9db914d834508441f8ed16c58b87b31b945314129d24460dad","encoded_bytes":55638,"event":"chunk_committed","raw_bytes":55610,"time":"2026-09-19T14:00:24.977047076Z"}
{"chunk":"29b2a3a65ea3e1b3ba0c554bc0ae77128c094b14378006942463f177fe478103","encoded_bytes":147111,"event":"chunk_committed","raw_bytes":147073,"time":"2026-09-19T14:00:25.356872035Z"}
{"chunk":"d6053f670090cb88c68ae75992cc8577345d8748fe5fba09cc4d7c3a68e8411d","encoded_bytes":36581,"event":"chunk_committed","raw_bytes":36553,"time":"2026-09-19T14:00:25.475081227Z"}
{"chunk":"ed533f7f0f670a09b066475fd9f9a32537a4c8d1eab375f62ac5c7d3f1ae22f3","encoded_bytes":28230,"event":"chunk_committed","raw_bytes":28202,"time":"2026-09-19T14:00:25.622500631Z"}
{"chunk":"fa100e9c36d7e9b35d47a1b870cb57910bbd220357ed431c8c2b6f570c7d13b5","encoded_bytes":74167,"event":"chunk_committed","raw_bytes":74134,"time":"2026-09-19T14:00:25.861448652Z"}
{"chunk":"a163459a879fd8deb0d232ed12619f3b7ee038bc6968704486af597671a43f1e","encoded_bytes":20371,"event":"chunk_committed","raw_bytes":20343,"time":"2026-09-19T14:00:25.981079358Z"}
{"chunk":"2bc4852382eed8213d7601f47ef31333efccc2b3949c8ec0e21744900ae0a383","encoded_bytes":89493,"event":"chunk_committed","raw_bytes":89460,"time":"2026-09-19T14:00:26.229528488Z"}
{"chunk":"2d7978d51843119d5621c35d09543097b4a968314ec6255221dbab200ae00fa0","encoded_bytes":74183,"event":"chunk_committed","raw_bytes":74150,"time":"2026-09-19T14:00:26.485549617Z"}
{"chunk":"0da44dfddc4d71d53fb1aaa621c65f23ae7a01cdd4c5a58b9292515ec6863073","encoded_bytes":85675,"event":"chunk_committed","raw_bytes":85642,"time":"2026-09-19T14:00:26.68829559Z"}
{"chunk":"7a68e7c180c3f9f9c6888243de5049da248d29f6fbd89dabb0f65d9d1ce1e2ee","encoded_bytes":29820,"event":"chunk_committed","raw_bytes":29792,"time":"2026-09-19T14:00:26.838703635Z"}
{"chunk":"56bb99aeb7ea15b10c9b9d68337466043a5ad9bcf36f73e935cc6a15ab75f762","encoded_bytes":146313,"event":"chunk_committed","raw_bytes":146275,"time":"2026-09-19T14:00:27.178473159Z"}
{"chunk":"ff86b6560c5183644bb44ea5213260d0ec2011525f96c6d5552aa2584899abe6","encoded_bytes":83727,"event":"chunk_committed","raw_bytes":83694,"time":"2026-09-19T14:00:27.414652339Z"}
{"chunk":"e24c69d444d7961e469a023423ce602c17c6bb0798f1abfe0c7666ecb76940a4","encoded_bytes":98245,"event":"chunk_committed","raw_bytes":98212,"time":"2026-09-19T14:00:27.712923783Z"}
{"chunk":"01c35a1489d2329ed02a5701b7eb4d15c936f8aa1e640ce62bed75e2264af15f","encoded_bytes":125417,"event":"chunk_committed","raw_bytes":125384,"time":"2026-09-19T14:00:27.98178558Z"}
{"chunk":"d48a42d08fc956461a35e80d97c06bfbf8286c7b39ce8133ede03f7bef0ac777","encoded_bytes":54133,"event":"chunk_committed","raw_bytes":54105,"time":"2026-09-19T14:00:28.170435267Z"}
{"chunk":"bce823fa4e0acb0f1bc26a2ed48686e5deb251e64a0b3846996a1ebf5df50852","encoded_bytes":72020,"event":"chunk_committed","raw_bytes":71987,"time":"2026-09-19T14:00:28.388814516Z"}
{"chunk":"2d2c92ea7f7b05ef45afb98aa58bd0a1c1632443492fd7e5d703242df9255a10","encoded_bytes":77317,"event":"chunk_committed","raw_bytes":77284,"time":"2026-09-19T14:00:28.615950299Z"}
{"chunk":"363d2314e2b62f52ea4fe1dad6f1e7cdb94cee29804354d30d15458eec70bf54","encoded_bytes":27960,"event":"chunk_committed","raw_bytes":27932,"time":"2026-09-19T14:00:28.784265273Z"}
{"chunk":"f0e28cc3f9416ba9f6bafe0b958ae4730099192c3eff05e9a4b9c3f528feb0b4","encoded_bytes":254771,"event":"chunk_committed","raw_bytes":254728,"time":"2026-09-19T14:00:29.276171505Z"}
{"chunk":"01f1f3886810b3340fd17ef643866cce7dfaa6cd54b0887590dfa0fc64f35e1c","encoded_bytes":87023,"event":"chunk_committed","raw_bytes":86990,"time":"2026-09-19T14:00:29.516160204Z"}
{"chunk":"fda8eaceecece37586c7f28388f8c26ddf797bbb05cbc42188ecbfd1542f67a9","encoded_bytes":81189,"event":"chunk_committed","raw_bytes":81156,"time":"2026-09-19T14:00:29.762585294Z"}
{"chunk":"ad494d9c09fef7e17b240e2f485976f0f1e6e1b83409a72db4beca9c7afa658f","encoded_bytes":66372,"event":"chunk_committed","raw_bytes":66339,"time":"2026-09-19T14:00:29.983761281Z"}
{"chunk":"4ac9bad8c3d3c9251a4271559d42fed0ede086f3b51090e7575c05754bef80b0","encoded_bytes":112789,"event":"chunk_committed","raw_bytes":112756,"time":"2026-09-19T14:00:30.260062463Z"}
{"chunk":"4492156fb60bb43608ad8a464fa6d16fae489478a4168b2d5ed824247783be3a","encoded_bytes":26737,"event":"chunk_committed","raw_bytes":26709,"time":"2026-09-19T14:00:30.385656903Z"}
{"chunk":"a568b9248a0ab593db5c0b498a48c0d5fc63ccd16944303685f79c4328d429b4","encoded_bytes":83296,"event":"chunk_committed","raw_bytes":83263,"time":"2026-09-19T14:00:30.625060689Z"}
{"chunk":"a7c67425ba8198d35a540da9ba8db806714e52425a5101edaf0d88826e5fda4b","encoded_bytes":19288,"event":"chunk_committed","raw_bytes":19260,"time":"2026-09-19T14:00:30.763126197Z"}
{"chunk":"2b0722ecad3f15d2f471700096a8d929b9d83441f3d968287f5687d42c2d41ea","encoded_bytes":79088,"event":"chunk_committed","raw_bytes":79055,"time":"2026-09-19T14:00:31.008622337Z"}
{"chunk":"5d81ea892b46723d5d07095f122656f76340574f0525e47e8bb5c5da049a3ffb","encoded_bytes":213194,"event":"chunk_committed","raw_bytes":213151,"time":"2026-09-19T14:00:31.433471729Z"}
{"chunk":"b31e52f0e2ce22ac4591a0998d4a26e3c558bfbc582c4973f93ccc8cfd71ab24","encoded_bytes":29165,"event":"chunk_committed","raw_bytes":29137,"time":"2026-09-19T14:00:31.578441463Z"}
{"chunk":"d0f88ce4c0cedcd98997c9eaa448a440ef393530d143c1619d7c6b8619789f83","encoded_bytes":68492,"event":"chunk_committed","raw_bytes":68459,"time":"2026-09-19T14:00:31.807619066Z"}
{"chunk":"87949750e684ef89d1695d78e862f41f6400214e6ccc9258cb12851c90f46d5e","encoded_bytes":122152,"event":"chunk_committed","raw_bytes":122119,"time":"2026-09-19T14:00:32.117506045Z"}
{"chunk":"e33ae4c8cb91385ff4ec32702d4ef248534b03a3139176e1a6db1cf4793ea378","encoded_bytes":52371,"event":"chunk_committed","raw_bytes":52343,"time":"2026-09-19T14:00:32.276403606Z"}
{"chunk":"1c3d000203fec93795a0a86c83c69fa9adc70fd65b6af31685a3f4f07d9a472e","encoded_bytes":49588,"event":"chunk_committed","raw_bytes":49560,"time":"2026-09-19T14:00:32.461803674Z"}
{"chunk":"2000c8fca6df7273b949fca6b03fc31746091f24478076ab964ddca4a1bb6dd9","encoded_bytes":65634,"event":"chunk_committed","raw_bytes":65601,"time":"2026-09-19T14:00:32.675083378Z"}
{"chunk":"08207fb5cccb99f22a8ff2cb89a1cd965307d458f9f501ac6285b42190d975d6","encoded_bytes":24453,"event":"chunk_committed","raw_bytes":24425,"time":"2026-09-19T14:00:32.811959749Z"}
{"chunk":"96833ca26635aea4245c7578c6bcc8e1d9b19e243a81dcc502e7230e28274918","encoded_bytes":31432,"event":"chunk_committed","raw_bytes":31404,"time":"2026-09-19T14:00:32.96212329Z"}
{"chunk":"a9196eee997245546e551b7544059ac3279778f970167e0ee892bc755a86e12b","encoded_bytes":40896,"event":"chunk_committed","raw_bytes":40868,"time":"2026-09-19T14:00:33.159322109Z"}
{"chunk":"95a72c7d31908cce377e29ff37808fb380a66d02240a66f1f442b571d597c7bb","encoded_bytes":33508,"event":"chunk_committed","raw_bytes":33480,"time":"2026-09-19T14:00:33.282818586Z"}
{"chunk":"0c331cc5b61b37cdea508a7980b7a000da829a26ce21717c78ef718b57303b03","encoded_bytes":97544,"event":"chunk_committed","raw_bytes":97511,"time":"2026-09-19T14:00:33.561863346Z"}
{"chunk":"b4363018a9363b8fa6508f30572d5eb3adaee96a2e59010a09d5cd42d772e0de","encoded_bytes":90533,"event":"chunk_committed","raw_bytes":90500,"time":"2026-09-19T14:00:33.808126629Z"}
{"chunk":"9255158376d22f7be030c79e37a393f945efc53615aeafb1637ad784c5e9f71b","encoded_bytes":139618,"event":"chunk_committed","raw_bytes":139580,"time":"2026-09-19T14:00:34.120338811Z"}
{"chunk":"a3e652ef293882b550bc4ef5cd54b847af3b403f759f24e481a664c95eb3813b","encoded_bytes":36507,"event":"chunk_committed","raw_bytes":36479,"time":"2026-09-19T14:00:34.309137805Z"}
{"chunk":"e4b3bfcf6749e32e04e7e3630e308c60cc631872f101f032681d5a96e12d79ab","encoded_bytes":32110,"event":"chunk_committed","raw_bytes":32082,"time":"2026-09-19T14:00:34.433267504Z"}
{"chunk":"6667d2fe19bbf5af5771c1ff3ad266d1e703cd49660c81a3a42a646e61180611","encoded_bytes":130625,"event":"chunk_committed","raw_bytes":130592,"time":"2026-09-19T14:00:34.764202316Z"}
{"chunk":"7c67a8c14db34dbc0a2844a7b58590ae7376d8c9012964f4668f96914a817958","encoded_bytes":49390,"event":"chunk_committed","raw_bytes":49362,"time":"2026-09-19T14:00:34.927989261Z"}
{"chunk":"766f30c4c1defdfae5caf5bf31a1380fc85012c8fc327653f0453ccfdc6e2e26","encoded_bytes":89279,"event":"chunk_committed","raw_bytes":89246,"time":"2026-09-19T14:00:35.173599877Z"}
{"chunk":"390b3c16ce7723edc1b17318928d2aef78880c4d194f8706df2382a3bfc42d5a","encoded_bytes":49905,"event":"chunk_committed","raw_bytes":49877,"time":"2026-09-19T14:00:35.384708865Z"}
{"chunk":"b5d052839adeecbbed3362e130b2b2f7e402f02c56d74ca7a7398c5caaa56a65","encoded_bytes":95256,"event":"chunk_committed","raw_bytes":95223,"time":"2026-09-19T14:00:35.614931175Z"}
{"chunk":"07aa07e0ac6b7bfb4ba2616832d3dbe046dea57a8ae9ca23a24f3eb0b10bbb67","encoded_bytes":119065,"event":"chunk_committed","raw_bytes":119032,"time":"2026-09-19T14:00:35.910770332Z"}
{"chunk":"c109111453b5c3032f3a4bfd42e91e3f8237c3362adc2cace7233e64fc0d0e97","encoded_bytes":42458,"event":"chunk_committed","raw_bytes":42430,"time":"2026-09-19T14:00:36.074562282Z"}
{"chunk":"0baff520b101c22a057b6f41034d9d88a43cb427c43510b5dce67804bca70656","encoded_bytes":61513,"event":"chunk_committed","raw_bytes":61485,"time":"2026-09-19T14:00:36.459183309Z"}
{"chunk":"1f9788e14651721724b3ec336214bcd880a6c8330315e71b895a5a882cd2a6e6","encoded_bytes":91158,"event":"chunk_committed","raw_bytes":91125,"time":"2026-09-19T14:00:36.528641968Z"}
{"chunk":"3048611cfa2baa893bd522e0039f6d60a70fbe4befed9c00dd9fb4e679b98cab","encoded_bytes":92592,"event":"chunk_committed","raw_bytes":92559,"time":"2026-09-19T14:00:36.818678329Z"}
{"chunk":"9416856c8dce975c8b8459fdc69c9c9f9bbe103efe6d1cc35caf451a17a4abe7","encoded_bytes":37361,"event":"chunk_committed","raw_bytes":37333,"time":"2026-09-19T14:00:36.877738778Z"}
{"chunk":"0e553b229c4cec893af45a7c0cb04d9425b12d571262ae7f491887a44dfd4869","encoded_bytes":215992,"event":"chunk_committed","raw_bytes":215949,"time":"2026-09-19T14:00:37.377751305Z"}
{"chunk":"07e2b28164276ca50b50190be0f56797a3fb032e5369876beb5cfaf247bf6fde","encoded_bytes":66871,"event":"chunk_committed","raw_bytes":66838,"time":"2026-09-19T14:00:37.509491765Z"}
{"chunk":"01219c3073a681f21d0229463831869886980909923882f0386a3dddcded1e20","encoded_bytes":232950,"event":"chunk_committed","raw_bytes":235802,"time":"2026-09-19T14:00:37.966628016Z"}
{"artifact_sha256":"5b48fbcf54468f0418acea22873b34e60ecf84ea8e2a02179ea657cda803e927","event":"release_ready","phase":"staged","release":"app-b-v1","time":"2026-09-19T14:00:38.115217225Z"}
{
  "release": "app-b-v1",
  "sequence": 2,
  "phase": "staged",
  "artifact": "/tmp/edgelab-v31-lnbtvztn/link-client/staged/5b48fbcf54468f0418acea22873b34e60ecf84ea8e2a02179ea657cda803e927.tar",
  "artifact_sha256": "5b48fbcf54468f0418acea22873b34e60ecf84ea8e2a02179ea657cda803e927",
  "artifact_bytes": 16784896,
  "unique_chunks": 207,
  "reused_chunks": 123,
  "reused_raw_bytes": 10055483,
  "downloaded_chunks": 84,
  "downloaded_raw_bytes": 6729413,
  "chunk_response_body_bytes": 6729195,
  "metadata_response_body_bytes": 54877,
  "useful_encoded_bytes": 6729195,
  "retry_overhead_body_bytes": 0,
  "chunk_requests": 84,
  "metadata_requests": 1,
  "retries": 0,
  "integrity_failures": 0,
  "elapsed_seconds": 20.047499843
}
{"event":"plan","missing_chunks":3,"missing_raw_bytes":249684,"release":"app-a-v2","reused_chunks":199,"time":"2026-09-19T14:00:39.756082911Z","unique_chunks":202}
{"chunk":"cc78c07e85553216f1438130b43abd3721d5ae1ba90912a0524c4fed85ab0c9a","encoded_bytes":135587,"event":"chunk_committed","raw_bytes":135549,"time":"2026-09-19T14:00:40.333435696Z"}
{"chunk":"c14889c134dd2ac55d48f260c6d4131814e7ef722dd54df0f4d62efb24615471","encoded_bytes":55147,"event":"chunk_committed","raw_bytes":55119,"time":"2026-09-19T14:00:40.385930081Z"}
{"chunk":"512dbbcc371ddb106e6c528f5f70710655588cb480f8ef9d694e0e16eb8973bd","encoded_bytes":59044,"event":"chunk_committed","raw_bytes":59016,"time":"2026-09-19T14:00:40.638063403Z"}
{"artifact_sha256":"02646c124acb47e6e0e6ed11f5361cce511540e119903720ef430859ca87a6df","event":"release_ready","phase":"staged","release":"app-a-v2","time":"2026-09-19T14:00:40.786308276Z"}
{
  "release": "app-a-v2",
  "sequence": 3,
  "phase": "staged",
  "artifact": "/tmp/edgelab-v31-lnbtvztn/link-client/staged/02646c124acb47e6e0e6ed11f5361cce511540e119903720ef430859ca87a6df.tar",
  "artifact_sha256": "02646c124acb47e6e0e6ed11f5361cce511540e119903720ef430859ca87a6df",
  "artifact_bytes": 16784896,
  "unique_chunks": 202,
  "reused_chunks": 199,
  "reused_raw_bytes": 16535212,
  "downloaded_chunks": 3,
  "downloaded_raw_bytes": 249684,
  "chunk_response_body_bytes": 249778,
  "metadata_response_body_bytes": 53581,
  "useful_encoded_bytes": 249778,
  "retry_overhead_body_bytes": 0,
  "chunk_requests": 3,
  "metadata_requests": 1,
  "retries": 0,
  "integrity_failures": 0,
  "elapsed_seconds": 1.659764605
}
{"event":"plan","missing_chunks":0,"missing_raw_bytes":0,"release":"app-a-v2","reused_chunks":202,"time":"2026-09-19T14:00:42.340017148Z","unique_chunks":202}
{"artifact_sha256":"02646c124acb47e6e0e6ed11f5361cce511540e119903720ef430859ca87a6df","event":"release_ready","phase":"staged","release":"app-a-v2","time":"2026-09-19T14:00:42.422718161Z"}
{
  "release": "app-a-v2",
  "sequence": 3,
  "phase": "staged",
  "artifact": "/tmp/edgelab-v31-lnbtvztn/link-client/staged/02646c124acb47e6e0e6ed11f5361cce511540e119903720ef430859ca87a6df.tar",
  "artifact_sha256": "02646c124acb47e6e0e6ed11f5361cce511540e119903720ef430859ca87a6df",
  "artifact_bytes": 16784896,
  "unique_chunks": 202,
  "reused_chunks": 202,
  "reused_raw_bytes": 16784896,
  "downloaded_chunks": 0,
  "downloaded_raw_bytes": 0,
  "chunk_response_body_bytes": 0,
  "metadata_response_body_bytes": 0,
  "useful_encoded_bytes": 0,
  "retry_overhead_body_bytes": 0,
  "chunk_requests": 0,
  "metadata_requests": 1,
  "retries": 0,
  "integrity_failures": 0,
  "elapsed_seconds": 0.611162052
}
{"event":"plan","missing_chunks":0,"missing_raw_bytes":0,"release":"app-a-v2","reused_chunks":202,"time":"2026-09-19T14:00:43.964515879Z","unique_chunks":202}
{"artifact_sha256":"02646c124acb47e6e0e6ed11f5361cce511540e119903720ef430859ca87a6df","event":"release_ready","phase":"staged","release":"app-a-v2","time":"2026-09-19T14:00:44.068444217Z"}
{
  "release": "app-a-v2",
  "sequence": 3,
  "phase": "staged",
  "artifact": "/tmp/edgelab-v31-lnbtvztn/link-client/staged/02646c124acb47e6e0e6ed11f5361cce511540e119903720ef430859ca87a6df.tar",
  "artifact_sha256": "02646c124acb47e6e0e6ed11f5361cce511540e119903720ef430859ca87a6df",
  "artifact_bytes": 16784896,
  "unique_chunks": 202,
  "reused_chunks": 202,
  "reused_raw_bytes": 16784896,
  "downloaded_chunks": 0,
  "downloaded_raw_bytes": 0,
  "chunk_response_body_bytes": 0,
  "metadata_response_body_bytes": 0,
  "useful_encoded_bytes": 0,
  "retry_overhead_body_bytes": 0,
  "chunk_requests": 0,
  "metadata_requests": 1,
  "retries": 0,
  "integrity_failures": 0,
  "elapsed_seconds": 0.636413734
}
{"event":"plan","missing_chunks":0,"missing_raw_bytes":0,"release":"app-a-v2","reused_chunks":202,"time":"2026-09-19T14:00:45.61444151Z","unique_chunks":202}
{"artifact_sha256":"02646c124acb47e6e0e6ed11f5361cce511540e119903720ef430859ca87a6df","event":"release_ready","phase":"staged","release":"app-a-v2","time":"2026-09-19T14:00:45.714523591Z"}
{
  "release": "app-a-v2",
  "sequence": 3,
  "phase": "staged",
  "artifact": "/tmp/edgelab-v31-lnbtvztn/link-client/staged/02646c124acb47e6e0e6ed11f5361cce511540e119903720ef430859ca87a6df.tar",
  "artifact_sha256": "02646c124acb47e6e0e6ed11f5361cce511540e119903720ef430859ca87a6df",
  "artifact_bytes": 16784896,
  "unique_chunks": 202,
  "reused_chunks": 202,
  "reused_raw_bytes": 16784896,
  "downloaded_chunks": 0,
  "downloaded_raw_bytes": 0,
  "chunk_response_body_bytes": 0,
  "metadata_response_body_bytes": 0,
  "useful_encoded_bytes": 0,
  "retry_overhead_body_bytes": 0,
  "chunk_requests": 0,
  "metadata_requests": 1,
  "retries": 0,
  "integrity_failures": 0,
  "elapsed_seconds": 0.632155344
}
{"error":"context canceled","event":"failed","time":"2026-09-19T14:00:47.25866275Z"}
{"error":"context canceled","event":"reconcile_failed"}
